// Jest Snapshot v1, https://goo.gl/fbAQLP

exports[`<AI/> snapshot测试 1`] = `
"<div class="home">
  <transition-stub name="fade" mode="out-in">
    <dv-border-box-10>
      <div class="naca">
        <div class="index-header" style="margin-top: 5px;">
          <div>
            <dv-decoration-10 style="width: 450px; height: 1px; margin-bottom: 45px;"></dv-decoration-10>
            <dv-decoration-8 color="#568aea,#000000" style="width: 180px; height: 50px;"></dv-decoration-8>
            <div style="width: 150px; color: rgb(238, 236, 236); font-size: 18px; padding: 0px 15px; font-weight: bold;">
              可视化化平台
            </div>
            <dv-decoration-8 reverse="true" color="#568aea,#000000" style="width: 180px; height: 50px;"></dv-decoration-8>
            <dv-decoration-10 style="width: 450px; height: 1px; transform: rotateY(180deg); margin-bottom: 45px;"></dv-decoration-10>
          </div>
          <dv-decoration-5 color="#568aea,#000000" style="width: 10%; height: 20px;"></dv-decoration-5>
        </div>
        <div class="index-content">
          <div class="left">
            <div class="col-1">
              <dv-border-box-12 style="height: 300px; width: 490px;">
                <div class="title" style="margin-top: 5px;">
                  海洋牧场环境感知得分
                </div>
                <div style="width: 100%; height: 5%; color: white; text-align: center;">
                  <div class="block" style="display: flex; align-items: center; margin-left: 10px; width: 28%; height: 3%;">
                    <el-date-picker type="date" placeholder="选择日期" size="small" picker-options="[object Object]"></el-date-picker>
                  </div>
                  <div style="opacity: 0.8; color: white;">
                    舒适: 维持良好状态
                  </div>
                  <div style="opacity: 0.8; color: white;">
                    正常: 可能出现轻微变化或趋势
                  </div>
                  <div style="opacity: 0.8; color: white;">
                    隐患: 环境存在明显变化或问题
                  </div>
                  <div style="opacity: 0.8; color: white;">
                    危险: 出现严重问题或危机
                  </div>
                </div>
                <div style="width: 100%; height: 105%;"></div>
              </dv-border-box-12>
              <dv-border-box-12 style="height: 250px; width: 490px;">
                <div class="title" style="margin-top: 5px;">网衣/鱼群检测</div>
                <div style="width: 70%; height: 100%;">
                  <div style="width: 150%; height: 105%;"></div>
                </div>
              </dv-border-box-12>
            </div>
          </div>
          <div class="cent">
            <div class="col-3">
              <dv-border-box-12 style="height: 330px; width: 540px;">
                <div style="display: flex; justify-content: space-between; width: 100%;">
                  <div style="width: 50%; height: 270px; background: black; margin-top: 10px;">
                    <div class="title" style="margin-top: 5px;">原始图像</div>
                    <!---->
                  </div>
                  <div style="width: 50%; height: 270px; background: black; margin-top: 10px;">
                    <div class="title" style="margin-top: 5px;">识别效果</div>
                    <!---->
                  </div>
                </div> <input type="file" style="margin-top: 10px;"> <button style="margin-top: 10px; height: 10%; width: 20%;">图像识别</button>
              </dv-border-box-12>
              <dv-border-box-12 style="height: 220px; width: 540px;">
                <div class="title" style="margin-top: 5px;">实时数据</div>
                <div id="sixthMain" style="display: grid; grid-template-columns: repeat(3, 1fr); width: 98%; height: 90%;">
                  <div class="rounded-box" style="display: flex; flex-direction: row; justify-content: flex-start; align-items: center;">
                    编号
                    <camera-icon style="margin-left: auto;"></camera-icon> <span id="fishId">Fish 001</span></div>
                  <div class="rounded-box" style="display: flex; flex-direction: row; justify-content: flex-start; align-items: center;">
                    鱼种
                    <light-icon style="margin-left: auto;"></light-icon> <span id="fishSpecies">Goldfish</span></div>
                  <div class="rounded-box" style="display: flex; flex-direction: row; justify-content: flex-start; align-items: center;">
                    体长
                    <brush-icon style="margin-left: auto;"></brush-icon> <span id="fishLength">10 cm</span></div>
                  <div class="rounded-box" style="display: flex; flex-direction: row; justify-content: flex-start; align-items: center;">
                    疑似病患
                    <loop-icon style="margin-left: auto;"></loop-icon> <span id="suspiciousCases">2</span></div>
                  <div class="rounded-box" style="display: flex; flex-direction: row; justify-content: flex-start; align-items: center;">
                    鱼群异常
                    <split-screen-icon style="margin-left: auto;"></split-screen-icon> <span id="abnormalSchools">1</span></div>
                  <div class="rounded-box" style="display: flex; flex-direction: row; justify-content: flex-start; align-items: center;">
                    轨迹分析
                    <cloud-file-icon style="margin-left: auto;"></cloud-file-icon> <span id="trajectoryAnalysis">Available</span></div>
                </div>
              </dv-border-box-12>
            </div>
          </div>
          <div class="right">
            <div class="col-2">
              <dv-border-box-12 style="height: 300px; width: 410px;">
                <div style="display: flex; flex-direction: column; justify-content: space-between; width: 100%;">
                  <div style="width: 90%; height: 190px; border-radius: 10px; margin: 0px auto;">
                    <div class="title" style="margin-top: 5px;">AI决策</div>
                    <div style="display: flex; flex-wrap: wrap; justify-content: space-around;">
                      <div style="width: 100%; height: 5%; color: white; text-align: center; font-size: 16px;">
                        <div>
                          温度：
                          <span id="temperatureValue">
                            0.00 ℃</span></div>
                        <div>
                          光照：
                          <span id="lightValue">
                            0.00 lx</span></div>
                        <div>
                          溶解氧：
                          <span id="oxygenValue">
                            0.00 mg/L</span></div>
                        <div>
                          盐度：
                          <span id="salinityValue">0.00ppt
                          </span></div>
                        <div>
                          pH：
                          <span id="phValue">0.00</span></div>
                      </div>
                    </div>
                  </div>
                  <div style="width: 90%; height: 50px;">
                    <div class="title" style="margin-top: 5px;">提示</div>
                    <div style="width: 100%; height: 5%; color: white; text-align: center; font-size: 16px;">
                      未来几天可能降雨，请保持温度风度正常
                    </div>
                    <div></div>
                  </div>
                </div>
              </dv-border-box-12>
              <dv-border-box-12 style="height: 250px; width: 410px;">
                <div style="width: 93%; height: 83%; margin-left: 15px;">
                  <div style="display: flex; justify-content: space-between; width: 100%;">
                    <div style="width: calc(50% - 10px); border-radius: 10px;">
                      <div class="title" style="margin-top: 5px;">
                        气象数据
                      </div>
                      <div id="sixthMain" style="display: grid; grid-template-columns: repeat(2, 1fr); grid-template-rows: repeat(2, auto); gap: 20px;">
                        <div class="rounded-box" style="display: flex; align-items: center;">
                          温度
                          <temperature-icon style="margin-left: auto;"></temperature-icon> <span id="temperatureValue">20°C - 30°C</span></div>
                        <div class="rounded-box" style="display: flex; align-items: center;">
                          风向
                          <wind-icon style="margin-left: auto;"></wind-icon> <span id="windDirection">北风</span></div>
                        <div class="rounded-box" style="display: flex; align-items: center;">
                          湿度
                          <humidity-icon style="margin-left: auto;"></humidity-icon> <span id="humidityValue">60%</span></div>
                        <div class="rounded-box" style="display: flex; align-items: center;">
                          空气污染
                          <pollution-icon style="margin-left: auto;"></pollution-icon> <span id="pollutionLevel">中度污染</span></div>
                      </div>
                    </div>
                    <div style="width: 40%; height: 5%; color: white; text-align: center; font-size: 16px;">
                      <div class="title" style="margin-top: 5px; color: red;">
                        警报
                      </div>
                      <div>
                        海啸警报
                        <span id="tsunami_alert">紧急行动通知！预计于05月12日上午10:30在沿海地区发生6级海啸。立即疏散至高处，确保安全。</span>
                        <div id="app">
                          <div><button>
                              警报详细数据
                            </button>
                            <!---->
                          </div>
                        </div>
                      </div>
                    </div>
                  </div>
                </div>
              </dv-border-box-12>
            </div>
          </div>
        </div>
      </div>
    </dv-border-box-10>
  </transition-stub>
</div>"
`;
